// Jest Snapshot v1, https://goo.gl/fbAQLP

exports[`CheckboxesWidget inline 1`] = `
<div
  className="control"
>
  <fieldset
    disabled={true}
  >
    <label
      className="checkbox"
    >
      <input
        autoFocus={true}
        checked="value"
        id="_id"
        name="_id"
        onBlur={[Function]}
        onChange={[Function]}
        onFocus={[Function]}
        required={true}
        type="checkbox"
      />
      Some simple label
    </label>
  </fieldset>
</div>
`;

exports[`CheckboxesWidget simple 1`] = `
<div
  className="control"
>
  <fieldset
    disabled={true}
  >
    <label
      className="checkbox"
    >
      <input
        autoFocus={true}
        checked="value"
        id="_id"
        name="_id"
        onBlur={[Function]}
        onChange={[Function]}
        onFocus={[Function]}
        required={true}
        type="checkbox"
      />
      Some simple label
    </label>
  </fieldset>
</div>
`;
